
Invalid `groups` attribute
==========================

> group_data(df1)
Error: The `groups` attribute is not a data frame with its last column called `.rows`

> group_data(df2)
Error: The `groups` attribute is not a data frame with its last column called `.rows`

> group_data(df3)
Error: The `groups` attribute is not a data frame with its last column called `.rows`

> group_data(df4)
Error: The `groups` attribute is not a data frame with its last column called `.rows`


Older style grouped_df
======================

> validate_grouped_df(df5)
Error: Corrupt grouped_df data using the old format

