> left_join(df1, df2, by = c("x", "y"))
Error: Column `x` must have a unique name

> left_join(df2, df1, by = c("x", "y"))
Error: Column `x` must have a unique name

> right_join(df1, df2, by = c("x", "y"))
Error: Column `x` must have a unique name

> right_join(df2, df1, by = c("x", "y"))
Error: Column `x` must have a unique name

> inner_join(df1, df2, by = c("x", "y"))
Error: `nm` must be `NULL` or a character vector the same length as `x`

> inner_join(df2, df1, by = c("x", "y"))
Error: `nm` must be `NULL` or a character vector the same length as `x`

> full_join(df1, df2, by = c("x", "y"))
Error: Column `x` must have a unique name

> full_join(df2, df1, by = c("x", "y"))
Error: Column `x` must have a unique name

> semi_join(df1, df2, by = c("x", "y"))
Error: Column `x` must have a unique name

> semi_join(df2, df1, by = c("x", "y"))
Error: Column `x` must have a unique name

> anti_join(df1, df2, by = c("x", "y"))
Error: Column `x` must have a unique name

> anti_join(df2, df1, by = c("x", "y"))
Error: Column `x` must have a unique name

