> left_join(df1, df2, by = c("x", "y"))
Error: Input columns in `x` must be unique
x Problem with `x`

> left_join(df2, df1, by = c("x", "y"))
Error: Input columns in `y` must be unique
x Problem with `x`

> right_join(df1, df2, by = c("x", "y"))
Error: Column `x` must have a unique name

> right_join(df2, df1, by = c("x", "y"))
Error: Column `x` must have a unique name

> inner_join(df1, df2, by = c("x", "y"))
Error: Input columns in `x` must be unique
x Problem with `x`

> inner_join(df2, df1, by = c("x", "y"))
Error: Input columns in `y` must be unique
x Problem with `x`

> full_join(df1, df2, by = c("x", "y"))
Error: Column `x` must have a unique name

> full_join(df2, df1, by = c("x", "y"))
Error: Column `x` must have a unique name

> semi_join(df1, df2, by = c("x", "y"))
Error: Input columns in `x` must be unique
x Problem with `x`

> semi_join(df2, df1, by = c("x", "y"))
Error: Input columns in `y` must be unique
x Problem with `x`

> anti_join(df1, df2, by = c("x", "y"))
Error: Input columns in `x` must be unique
x Problem with `x`

> anti_join(df2, df1, by = c("x", "y"))
Error: Input columns in `y` must be unique
x Problem with `x`

