> with_lifecycle_errors({
+   summarise_at(mtcars, vars(mpg), quo(mean(.)))
+ })
Error: Using quosures is deprecated
Please use a one-sided formula, a function, or a function name

> with_lifecycle_errors({
+   mutate_at(mtcars, vars(mpg), quo(mean(.)))
+ })
Error: Using quosures is deprecated
Please use a one-sided formula, a function, or a function name


column not found
================

> mutate_at(tibble(), "test", ~1)
Error: Must select existing columns.
x Can't subset element with unknown name `test`.


not summarising grouping variables
==================================

> tbl <- tibble(gr1 = rep(1:2, 4), gr2 = rep(1:2, each = 4), x = 1:8)
> tbl <- group_by(tbl, gr1)
> summarise_at(tbl, vars(gr1), mean)
Error: Must select existing columns.
x Can't subset element with unknown name `gr1`.


not mutating grouping variables
===============================

> tbl <- group_by(tibble(gr1 = rep(1:2, 4), gr2 = rep(1:2, each = 4), x = 1:8),
+ gr1)
> mutate_at(tbl, vars(gr1), sqrt)
Error: Column `gr1` can't be modified because it's a grouping variable

> transmute_at(tbl, vars(gr1), sqrt)
Error: Column `gr1` can't be modified because it's a grouping variable


improper additional arguments
=============================

> mutate_all(mtcars, round, 0, 0)
Error in mask$eval_all_mutate(dots[[i]], dots_names, i): 3 arguments passed to 'round'which requires 1 or 2 arguments

> mutate_all(mtcars, mean, na.rm = TRUE, na.rm = TRUE)
Error in mean.default(mpg, na.rm = TRUE, na.rm = TRUE): formal argument "na.rm" matched by multiple actual arguments

