
Incompatible type
=================

> slice(df, TRUE)
Error: `slice()` expressions should return indices (positive or negative integers).

> slice(df, FALSE)
Error: `slice()` expressions should return indices (positive or negative integers).


Mix of positive and negative integers
=====================================

> mtcars %>% slice(c(-1, 2))
Error: `slice()` expressions should return either all positive or all negative.

> mtcars %>% slice(c(2:3, -1))
Error: `slice()` expressions should return either all positive or all negative.


n and prop are carefully validated
==================================

> check_slice_size(n = 1, prop = 1)
Error: Must supply exactly one of `n` and `prop` arguments.

> check_slice_size(n = "a")
Error: `n` must be a single number.

> check_slice_size(prop = "a")
Error: `prop` must be a single number

> check_slice_size(n = -1)
Error: `n` must be a non-missing positive number.

> check_slice_size(prop = -1)
Error: `prop` must be a non-missing positive number.


slice_ data.frame methods do not use ...
========================================

> mtcars %>% slice_head(5)
Error: `...` is not empty.

We detected these problematic arguments:
* `..1`

These dots only exist to allow future extensions and should be empty.
Did you misspecify an argument?

> mtcars %>% slice_tail(5)
Error: `...` is not empty.

We detected these problematic arguments:
* `..1`

These dots only exist to allow future extensions and should be empty.
Did you misspecify an argument?

> mtcars %>% slice_min(order_by = mpg, 5)
Error: `...` is not empty.

We detected these problematic arguments:
* `..1`

These dots only exist to allow future extensions and should be empty.
Did you misspecify an argument?

> mtcars %>% slice_max(order_by = mpg, 5)
Error: `...` is not empty.

We detected these problematic arguments:
* `..1`

These dots only exist to allow future extensions and should be empty.
Did you misspecify an argument?

> mtcars %>% slice_sample(order_by = mpg, 5)
Error: `...` is not empty.

We detected these problematic arguments:
* `order_by`
* `..2`

These dots only exist to allow future extensions and should be empty.
Did you misspecify an argument?

