> left_join(df1, df2, by = c("x", "y"))
Error: Column `x` must have a unique name

> left_join(df2, df1, by = c("x", "y"))
Error: Column `x` must have a unique name

> right_join(df1, df2, by = c("x", "y"))
Error: Column `x` must have a unique name

> right_join(df2, df1, by = c("x", "y"))
Error: Column `x` must have a unique name

> inner_join(df1, df2, by = c("x", "y"))
Error: Input columns must be duplicated
x Problem at position 2

> inner_join(df2, df1, by = c("x", "y"))
Error: Input columns must be duplicated
x Problem at position 2

> full_join(df1, df2, by = c("x", "y"))
Error: Column `x` must have a unique name

> full_join(df2, df1, by = c("x", "y"))
Error: Column `x` must have a unique name

> semi_join(df1, df2, by = c("x", "y"))
Error: Input columns must be duplicated
x Problem at position 2

> semi_join(df2, df1, by = c("x", "y"))
Error: Input columns must be duplicated
x Problem at position 2

> anti_join(df1, df2, by = c("x", "y"))
Error: Input columns must be duplicated
x Problem at position 2

> anti_join(df2, df1, by = c("x", "y"))
Error: Input columns must be duplicated
x Problem at position 2

